
Running 77 tests using 8 workers

[1A[2K[1/77] [chromium] › tests/e2e/a11y.spec.js:93:5 › Accessibility Audit (A11y) › Display App - Visual & Semantic Accessibility › time mode indicator is visible and readable
[1A[2K[2/77] [chromium] › tests/e2e/a11y.spec.js:30:5 › Accessibility Audit (A11y) › Display App - Visual & Semantic Accessibility › pairing code is readable with sufficient contrast
[1A[2K[3/77] [chromium] › tests/e2e/a11y.spec.js:18:5 › Accessibility Audit (A11y) › Display App - Visual & Semantic Accessibility › pairing screen has semantic headings and visible text
[1A[2K[4/77] [chromium] › tests/e2e/a11y.spec.js:136:5 › Accessibility Audit (A11y) › Display App - Visual & Semantic Accessibility › error messages are clearly visible and informative
[1A[2K[5/77] [chromium] › tests/e2e/a11y.spec.js:152:5 › Accessibility Audit (A11y) › Display App - Visual & Semantic Accessibility › display is responsive on mobile viewports
[1A[2K[6/77] [chromium] › tests/e2e/a11y.spec.js:175:5 › Accessibility Audit (A11y) › Controller App - Mobile Accessibility › controller buttons have adequate touch target size
[1A[2K[7/77] [chromium] › tests/e2e/a11y.spec.js:46:5 › Accessibility Audit (A11y) › Display App - Visual & Semantic Accessibility › feed grid uses semantic grid structure
[1A[2K[8/77] [chromium] › tests/e2e/a11y.spec.js:206:5 › Accessibility Audit (A11y) › Controller App - Mobile Accessibility › controller has keyboard navigation support
[1A[2K[9/77] [chromium] › tests/e2e/a11y.spec.js:238:5 › Accessibility Audit (A11y) › Controller App - Mobile Accessibility › time mode toggle buttons are keyboard accessible
[1A[2K[10/77] [chromium] › tests/e2e/a11y.spec.js:301:5 › Accessibility Audit (A11y) › Controller App - Mobile Accessibility › controller is responsive and usable on small screens
[1A[2K  1) [chromium] › tests/e2e/a11y.spec.js:18:5 › Accessibility Audit (A11y) › Display App - Visual & Semantic Accessibility › pairing screen has semantic headings and visible text 

    Error: [2mexpect([22m[31mlocator[39m[2m).[22mtoBeVisible[2m([22m[2m)[22m failed

    Locator: locator('h1')
    Expected: visible
    Error: strict mode violation: locator('h1') resolved to 3 elements:
        1) <h1>Enter this code on your mobile device</h1> aka getByRole('heading', { name: 'Enter this code on your' })
        2) <h1>Connecting...</h1> aka getByText('Connecting...')
        3) <h1>Waiting for data...</h1> aka getByText('Waiting for data...')

    Call log:
    [2m  - Expect "toBeVisible" with timeout 5000ms[22m
    [2m  - waiting for locator('h1')[22m


      21 |       // Should have an h1
      22 |       const heading = page.locator('h1');
    > 23 |       await expect(heading).toBeVisible();
         |                             ^
      24 |
      25 |       const headingText = await heading.textContent();
      26 |       expect(headingText).toBeTruthy();
        at /home/user/horseboard/tests/e2e/a11y.spec.js:23:29

    Error Context: test-results/a11y-Accessibility-Audit-A-627ae-c-headings-and-visible-text-chromium/error-context.md


[1A[2K[11/77] [chromium] › tests/e2e/a11y.spec.js:346:5 › Accessibility Audit (A11y) › Legibility in Stable Environment (Dusty/Bright Conditions) › display text meets WCAG contrast requirements
[1A[2K  2) [chromium] › tests/e2e/a11y.spec.js:93:5 › Accessibility Audit (A11y) › Display App - Visual & Semantic Accessibility › time mode indicator is visible and readable 

    Error: locator.waitFor: Unexpected token "/" while parsing css selector "#time-mode:has-text(/PM/)". Did you mean to CSS.escape it?
    Call log:
    [2m  - waiting for #time-mode:has-text(/PM/) to be visible[22m


      116 |       });
      117 |
    > 118 |       await displayPage.locator('#time-mode:has-text(/PM/)').waitFor({ timeout: 5000 });
          |                                                              ^
      119 |
      120 |       // Time indicator should be visible
      121 |       const timeIndicator = displayPage.locator('.time-indicator');
        at /home/user/horseboard/tests/e2e/a11y.spec.js:118:62


[1A[2K[12/77] [chromium] › tests/e2e/a11y.spec.js:450:5 › Accessibility Audit (A11y) › Legibility in Stable Environment (Dusty/Bright Conditions) › controller colors are readable in sunlight conditions
[1A[2K[13/77] [chromium] › tests/e2e/a11y.spec.js:477:5 › Accessibility Audit (A11y) › Usability & Utility Considerations › critical controls are always accessible and not hidden by default
[1A[2K[14/77] [chromium] › tests/e2e/a11y.spec.js:517:5 › Accessibility Audit (A11y) › Usability & Utility Considerations › focus indicators are visible for keyboard navigation
[1A[2K  3) [chromium] › tests/e2e/a11y.spec.js:301:5 › Accessibility Audit (A11y) › Controller App - Mobile Accessibility › controller is responsive and usable on small screens 

    Error: [2mexpect([22m[31mreceived[39m[2m).[22mtoBeLessThanOrEqual[2m([22m[32mexpected[39m[2m)[22m

    Expected: <= [32m321[39m
    Received:    [31m324[39m

      320 |       // No horizontal scroll
      321 |       const htmlWidth = await controllerPage.evaluate(() => document.documentElement.scrollWidth);
    > 322 |       expect(htmlWidth).toBeLessThanOrEqual(320 + 1);
          |                         ^
      323 |
      324 |       await controllerPage.close();
      325 |     });
        at /home/user/horseboard/tests/e2e/a11y.spec.js:322:25


[1A[2K[15/77] [chromium] › tests/e2e/a11y.spec.js:564:5 › Accessibility Audit (A11y) › Usability & Utility Considerations › pagination controls are visible when needed
[1A[2K[16/77] [chromium] › tests/e2e/controller.spec.js:5:5 › Controller App › Pairing Screen › shows pairing code input on load
[1A[2K[17/77] [chromium] › tests/e2e/controller.spec.js:17:5 › Controller App › Pairing Screen › allows entering 6-digit pairing code
[1A[2K  4) [chromium] › tests/e2e/a11y.spec.js:564:5 › Accessibility Audit (A11y) › Usability & Utility Considerations › pagination controls are visible when needed 

    Error: locator.waitFor: Error: strict mode violation: locator('.grid-cell.horse-name') resolved to 7 elements:
        1) <div class="grid-cell header horse-name">Horse 0</div> aka getByText('Horse 0')
        2) <div class="grid-cell header horse-name">Horse 1</div> aka getByText('Horse 1')
        3) <div class="grid-cell header horse-name">Horse 2</div> aka getByText('Horse 2')
        4) <div class="grid-cell header horse-name">Horse 3</div> aka getByText('Horse 3')
        5) <div class="grid-cell header horse-name">Horse 4</div> aka getByText('Horse 4')
        6) <div class="grid-cell header horse-name">Horse 5</div> aka getByText('Horse 5')
        7) <div class="grid-cell header horse-name">Horse 6</div> aka getByText('Horse 6')

    Call log:
    [2m  - waiting for locator('.grid-cell.horse-name') to be visible[22m


      599 |
      600 |       // Wait for grid to render
    > 601 |       await displayPage.locator('.grid-cell.horse-name').waitFor({ timeout: 5000 });
          |                                                          ^
      602 |
      603 |       // Pagination should be visible
      604 |       const pagination = displayPage.locator('#pagination');
        at /home/user/horseboard/tests/e2e/a11y.spec.js:601:58


[1A[2K[18/77] [chromium] › tests/e2e/controller.spec.js:55:5 › Controller App › Pairing Screen › shows error message on invalid code
[1A[2K[19/77] [chromium] › tests/e2e/controller.spec.js:131:5 › Controller App › Editor Screen Navigation › shows tab navigation
[1A[2K[20/77] [chromium] › tests/e2e/controller.spec.js:143:5 › Controller App › Editor Screen Navigation › switches between tabs
[1A[2K[21/77] [chromium] › tests/e2e/a11y.spec.js:327:5 › Accessibility Audit (A11y) › Controller App - Mobile Accessibility › form inputs have visible labels or placeholder text
[1A[2K[22/77] [chromium] › tests/e2e/a11y.spec.js:399:5 › Accessibility Audit (A11y) › Legibility in Stable Environment (Dusty/Bright Conditions) › header cells use distinct styling for clarity
[1A[2K[23/77] [chromium] › tests/e2e/a11y.spec.js:539:5 › Accessibility Audit (A11y) › Usability & Utility Considerations › error states are clearly communicated to users
[1A[2K  5) [chromium] › tests/e2e/controller.spec.js:131:5 › Controller App › Editor Screen Navigation › shows tab navigation 

    Error: [2mexpect([22m[31mlocator[39m[2m).[22mtoBeVisible[2m([22m[2m)[22m failed

    Locator: locator('text=Board')
    Expected: visible
    Error: strict mode violation: locator('text=Board') resolved to 3 elements:
        1) <h1 id="header-title">Feed Board</h1> aka getByRole('heading', { name: 'Feed Board' })
        2) <button data-tab="board" class="tab-btn active">Board</button> aka getByRole('button', { name: 'Board' })
        3) <span>Install Board Controller for quick access</span> aka getByText('Install Board Controller for')

    Call log:
    [2m  - Expect "toBeVisible" with timeout 5000ms[22m
    [2m  - waiting for locator('text=Board')[22m


      137 |       for (const name of tabNames) {
      138 |         const tab = page.locator(`text=${name}`);
    > 139 |         await expect(tab).toBeVisible();
          |                           ^
      140 |       }
      141 |     });
      142 |
        at /home/user/horseboard/tests/e2e/controller.spec.js:139:27

    Error Context: test-results/controller-Controller-App--695a2-gation-shows-tab-navigation-chromium/error-context.md


[1A[2K[24/77] [chromium] › tests/e2e/controller.spec.js:214:5 › Controller App › Board Tab › shows time mode controls
[1A[2K  6) [chromium] › tests/e2e/a11y.spec.js:327:5 › Accessibility Audit (A11y) › Controller App - Mobile Accessibility › form inputs have visible labels or placeholder text 

    Error: [2mexpect([22m[31mreceived[39m[2m).[22mtoBeTruthy[2m()[22m

    Received: [31mnull[39m

      337 |       // Should have at least one form of label
      338 |       const hasLabel = placeholder || label || title;
    > 339 |       expect(hasLabel).toBeTruthy();
          |                        ^
      340 |
      341 |       await controllerPage.close();
      342 |     });
        at /home/user/horseboard/tests/e2e/a11y.spec.js:339:24


[1A[2K[25/77] [chromium] › tests/e2e/controller.spec.js:42:5 › Controller App › Pairing Screen › validates pairing code format
[1A[2K  7) [chromium] › tests/e2e/a11y.spec.js:399:5 › Accessibility Audit (A11y) › Legibility in Stable Environment (Dusty/Bright Conditions) › header cells use distinct styling for clarity 

    Error: locator.waitFor: Error: strict mode violation: locator('.grid-cell.header') resolved to 2 elements:
        1) <div class="grid-cell header feed-label">Feed</div> aka getByText('Feed')
        2) <div class="grid-cell header horse-name">Spider</div> aka getByText('Spider')

    Call log:
    [2m  - waiting for locator('.grid-cell.header') to be visible[22m


      422 |       });
      423 |
    > 424 |       await displayPage.locator('.grid-cell.header').waitFor({ timeout: 5000 });
          |                                                      ^
      425 |
      426 |       // Headers should have distinct styling
      427 |       const headerCell = displayPage.locator('.grid-cell.header').first();
        at /home/user/horseboard/tests/e2e/a11y.spec.js:424:54


[1A[2K[26/77] [chromium] › tests/e2e/controller.spec.js:246:5 › Controller App › Board Tab › shows pagination controls
[1A[2K[27/77] [chromium] › tests/e2e/controller.spec.js:309:5 › Controller App › Horses Tab › shows list of horses
[1A[2K[28/77] [chromium] › tests/e2e/controller.spec.js:320:5 › Controller App › Horses Tab › has button to add new horse
[1A[2K[29/77] [chromium] › tests/e2e/controller.spec.js:380:5 › Controller App › Feeds Tab › shows list of feeds
[1A[2K  8) [chromium] › tests/e2e/a11y.spec.js:346:5 › Accessibility Audit (A11y) › Legibility in Stable Environment (Dusty/Bright Conditions) › display text meets WCAG contrast requirements 

    TimeoutError: locator.waitFor: Timeout 5000ms exceeded.
    Call log:
    [2m  - waiting for locator('.grid-cell.horse-name') to be visible[22m


      375 |       });
      376 |
    > 377 |       await displayPage.locator('.grid-cell.horse-name').waitFor({ timeout: 5000 });
          |                                                          ^
      378 |
      379 |       // Check contrast of value cells (should be light text on dark background)
      380 |       const valueCell = displayPage.locator('.grid-cell.value').first();
        at /home/user/horseboard/tests/e2e/a11y.spec.js:377:58


[1A[2K[30/77] [chromium] › tests/e2e/controller.spec.js:206:5 › Controller App › Board Tab › displays board grid with horses and feeds
[1A[2K[31/77] [chromium] › tests/e2e/controller.spec.js:449:5 › Controller App › Reports Tab › shows reports table
[1A[2K[32/77] [chromium] › tests/e2e/controller.spec.js:459:5 › Controller App › Reports Tab › displays weekly consumption calculations
[1A[2K  9) [chromium] › tests/e2e/a11y.spec.js:477:5 › Accessibility Audit (A11y) › Usability & Utility Considerations › critical controls are always accessible and not hidden by default 

    TimeoutError: locator.waitFor: Timeout 5000ms exceeded.
    Call log:
    [2m  - waiting for locator('.grid-cell.horse-name') to be visible[22m


      500 |       });
      501 |
    > 502 |       await displayPage.locator('.grid-cell.horse-name').waitFor({ timeout: 5000 });
          |                                                          ^
      503 |
      504 |       // Error overlay should be hidden initially (not blocking content)
      505 |       const errorOverlay = displayPage.locator('#error-overlay');
        at /home/user/horseboard/tests/e2e/a11y.spec.js:502:58


[1A[2K[33/77] [chromium] › tests/e2e/controller.spec.js:228:5 › Controller App › Board Tab › switches between time modes
[1A[2K[34/77] [chromium] › tests/e2e/controller.spec.js:236:5 › Controller App › Board Tab › shows zoom controls
[1A[2K[35/77] [chromium] › tests/e2e/controller.spec.js:530:5 › Controller App › Modals & Editor Interactions › shows settings modal when settings button is clicked
[1A[2K[36/77] [chromium] › tests/e2e/controller.spec.js:538:5 › Controller App › Modals & Editor Interactions › allows changing timezone
[1A[2K[37/77] [chromium] › tests/e2e/controller.spec.js:601:5 › Controller App › Status Bar › shows status text in footer
[1A[2K[38/77] [chromium] › tests/e2e/display.spec.js:5:5 › TV Display App › Pairing Screen › shows pairing code on load
[1A[2K[39/77] [chromium] › tests/e2e/display.spec.js:19:5 › TV Display App › Pairing Screen › shows controller URL on pairing screen
[1A[2K[40/77] [chromium] › tests/e2e/display.spec.js:28:5 › TV Display App › Pairing Screen › persists display ID in localStorage
[1A[2K[41/77] [chromium] › tests/e2e/display.spec.js:44:5 › TV Display App › Display Data Structure › initially shows empty state
[1A[2K[42/77] [chromium] › tests/e2e/display.spec.js:61:5 › TV Display App › Display Data Structure › accepts valid domain data structure
[1A[2K[43/77] [chromium] › tests/e2e/display.spec.js:111:5 › TV Display App › Feed Grid Rendering › renders feed grid with horses and feeds
[1A[2K[44/77] [chromium] › tests/e2e/display.spec.js:159:5 › TV Display App › Feed Grid Rendering › displays fractions correctly
[1A[2K[45/77] [chromium] › tests/e2e/controller.spec.js:390:5 › Controller App › Feeds Tab › has button to add new feed
[1A[2K  10) [chromium] › tests/e2e/display.spec.js:61:5 › TV Display App › Display Data Structure › accepts valid domain data structure 

    Error: [2mexpect([22m[31mreceived[39m[2m).[22mtoBeTruthy[2m()[22m

    Received: [31mfalse[39m

       95 |       });
       96 |
    >  97 |       expect(response.ok()).toBeTruthy();
          |                             ^
       98 |
       99 |       // Wait for SSE update
      100 |       await displayPage.waitForTimeout(500);
        at /home/user/horseboard/tests/e2e/display.spec.js:97:29


[1A[2K[46/77] [chromium] › tests/e2e/display.spec.js:246:5 › TV Display App › Time Mode Display › updates when time mode changes
[1A[2K[47/77] [chromium] › tests/e2e/controller.spec.js:521:5 › Controller App › Modals & Editor Interactions › shows quantity modal when cell is clicked
[1A[2K[48/77] [chromium] › tests/e2e/display.spec.js:293:5 › TV Display App › Real-time Updates › receives and displays updates via SSE
[1A[2K  11) [chromium] › tests/e2e/display.spec.js:246:5 › TV Display App › Time Mode Display › updates when time mode changes 

    Error: locator.waitFor: Unexpected token "/" while parsing css selector "#time-mode:has-text(/./)". Did you mean to CSS.escape it?
    Call log:
    [2m  - waiting for #time-mode:has-text(/./) to be visible[22m


      271 |
      272 |       // Wait for initial time mode to render
    > 273 |       await displayPage.locator('#time-mode:has-text(/./)').waitFor({ timeout: 5000 });
          |                                                             ^
      274 |
      275 |       // Change to PM
      276 |       testData.settings.timeMode = 'PM';
        at /home/user/horseboard/tests/e2e/display.spec.js:273:61


[1A[2K  12) [chromium] › tests/e2e/display.spec.js:159:5 › TV Display App › Feed Grid Rendering › displays fractions correctly 

    Error: [2mexpect([22m[31mreceived[39m[2m).[22mtoContain[2m([22m[32mexpected[39m[2m) // indexOf[22m

    Expected substring: [32m"½"[39m
    Received string:    [31m"¼"[39m

      198 |
      199 |       // Should contain fraction symbols
    > 200 |       expect(gridText).toContain('½'); // 0.5
          |                        ^
      201 |       expect(gridText).toContain('¼'); // 0.25
      202 |
      203 |       await displayPage.close();
        at /home/user/horseboard/tests/e2e/display.spec.js:200:24


[1A[2K  13) [chromium] › tests/e2e/display.spec.js:44:5 › TV Display App › Display Data Structure › initially shows empty state 

    Error: [2mexpect([22m[31mreceived[39m[2m).[22mtoBeTruthy[2m()[22m

    Received: [31mfalse[39m

      56 |       const tableVisible = await tableScreen.isVisible();
      57 |
    > 58 |       expect(emptyVisible || tableVisible).toBeTruthy();
         |                                            ^
      59 |     });
      60 |
      61 |     test('accepts valid domain data structure', async ({ page, context }) => {
        at /home/user/horseboard/tests/e2e/display.spec.js:58:44

    Error Context: test-results/display-TV-Display-App-Dis-90be1-initially-shows-empty-state-chromium/error-context.md


[1A[2K  14) [chromium] › tests/e2e/display.spec.js:293:5 › TV Display App › Real-time Updates › receives and displays updates via SSE 

    Error: locator.waitFor: Unexpected token "/" while parsing css selector ".grid-cell.feed-name:has-text(/Initial Feed/)". Did you mean to CSS.escape it?
    Call log:
    [2m  - waiting for .grid-cell.feed-name:has-text(/Initial Feed/) to be visible[22m


      324 |
      325 |       // Wait for initial feed name to appear
    > 326 |       await displayPage.locator('.grid-cell.feed-name:has-text(/Initial Feed/)').waitFor({ timeout: 5000 });
          |                                                                                  ^
      327 |
      328 |       // Update the feed name
      329 |       testData.feeds[0].name = 'Updated Feed';
        at /home/user/horseboard/tests/e2e/display.spec.js:326:82


[1A[2K[49/77] [chromium] › tests/e2e/display.spec.js:505:5 › TV Display App › Error Handling & Reconnection › retry button is functional
[1A[2K[50/77] [chromium] › tests/e2e/edge-cases.spec.js:5:5 › Edge Cases & Hostile User Scenarios › The "Fat Finger" Test (Input Resilience) › handles extremely long decimal values without layout break
[1A[2K[51/77] [chromium] › tests/e2e/edge-cases.spec.js:51:5 › Edge Cases & Hostile User Scenarios › The "Fat Finger" Test (Input Resilience) › handles emoji characters in horse names without corruption
[1A[2K[52/77] [chromium] › tests/e2e/edge-cases.spec.js:96:5 › Edge Cases & Hostile User Scenarios › The "Fat Finger" Test (Input Resilience) › handles extremely long feed names without overflow
[1A[2K[53/77] [chromium] › tests/e2e/display.spec.js:208:5 › TV Display App › Time Mode Display › shows current time mode
[1A[2K  15) [chromium] › tests/e2e/edge-cases.spec.js:96:5 › Edge Cases & Hostile User Scenarios › The "Fat Finger" Test (Input Resilience) › handles extremely long feed names without overflow 

    Error: locator.waitFor: Unexpected token "/" while parsing css selector ".grid-cell.feed-name:has-text(/extremely/)". Did you mean to CSS.escape it?
    Call log:
    [2m  - waiting for .grid-cell.feed-name:has-text(/extremely/) to be visible[22m


      129 |
      130 |       // Wait for grid to render
    > 131 |       await displayPage.locator('.grid-cell.feed-name:has-text(/extremely/)').waitFor({ timeout: 5000 });
          |                                                                               ^
      132 |
      133 |       // Verify grid is still visible (no CSS overflow issues)
      134 |       const feedGrid = displayPage.locator('#feed-grid');
        at /home/user/horseboard/tests/e2e/edge-cases.spec.js:131:79


[1A[2K[54/77] [chromium] › tests/e2e/display.spec.js:345:5 › TV Display App › Real-time Updates › handles multiple rapid updates
[1A[2K[55/77] [chromium] › tests/e2e/display.spec.js:443:5 › TV Display App › Horse Notes › displays horse notes in footer
[1A[2K[56/77] [chromium] › tests/e2e/display.spec.js:391:5 › TV Display App › Pagination › shows pagination controls with multiple horses
[1A[2K[57/77] [chromium] › tests/e2e/display.spec.js:488:5 › TV Display App › Error Handling & Reconnection › shows error overlay when connection is lost
[1A[2K  16) [chromium] › tests/e2e/display.spec.js:208:5 › TV Display App › Time Mode Display › shows current time mode 

    Error: locator.waitFor: Unexpected token "/" while parsing css selector "#time-mode:has-text(/./)". Did you mean to CSS.escape it?
    Call log:
    [2m  - waiting for #time-mode:has-text(/./) to be visible[22m


      233 |
      234 |       // Wait for time mode element to have text content
    > 235 |       await displayPage.locator('#time-mode:has-text(/./)').waitFor({ timeout: 5000 });
          |                                                             ^
      236 |
      237 |       const timeModeIndicator = displayPage.locator('#time-mode');
      238 |       await expect(timeModeIndicator).toBeVisible();
        at /home/user/horseboard/tests/e2e/display.spec.js:235:61


[1A[2K  17) [chromium] › tests/e2e/display.spec.js:345:5 › TV Display App › Real-time Updates › handles multiple rapid updates 

    Error: locator.waitFor: Unexpected token "/" while parsing css selector ".grid-cell.feed-name:has-text(/Feed 4/)". Did you mean to CSS.escape it?
    Call log:
    [2m  - waiting for .grid-cell.feed-name:has-text(/Feed 4/) to be visible[22m


      378 |
      379 |       // Wait for final feed name to appear in grid
    > 380 |       await displayPage.locator('.grid-cell.feed-name:has-text(/Feed 4/)').waitFor({ timeout: 5000 });
          |                                                                            ^
      381 |
      382 |       const feedNameCells = await displayPage.locator('.grid-cell.feed-name').allTextContents();
      383 |       const gridText = feedNameCells.join(' ');
        at /home/user/horseboard/tests/e2e/display.spec.js:380:76


[1A[2K[58/77] [chromium] › tests/e2e/edge-cases.spec.js:370:5 › Edge Cases & Hostile User Scenarios › The "Double Up" Test (Concurrency) › broadcasts updates to all connected controllers
[1A[2K  18) [chromium] › tests/e2e/display.spec.js:443:5 › TV Display App › Horse Notes › displays horse notes in footer 

    Error: locator.waitFor: Unexpected token "/" while parsing css selector ".grid-cell.note:has-text(/Turn out early/)". Did you mean to CSS.escape it?
    Call log:
    [2m  - waiting for .grid-cell.note:has-text(/Turn out early/) to be visible[22m


      475 |
      476 |       // Wait for the note to appear in the grid
    > 477 |       await displayPage.locator('.grid-cell.note:has-text(/Turn out early/)').waitFor({ timeout: 5000 });
          |                                                                               ^
      478 |
      479 |       const noteCells = await displayPage.locator('.grid-cell.note').allTextContents();
      480 |       const gridText = noteCells.join(' ');
        at /home/user/horseboard/tests/e2e/display.spec.js:477:79


[1A[2K[59/77] [chromium] › tests/e2e/edge-cases.spec.js:475:5 › Edge Cases & Hostile User Scenarios › The "Zombie Session" Test (Reconnection & Session Lifecycle) › controller handles reconnection after display disappears
[1A[2K[60/77] [chromium] › tests/e2e/edge-cases.spec.js:147:5 › Edge Cases & Hostile User Scenarios › The "Spotty Connection" Test (Network Resilience) › handles offline state gracefully and shows unsaved indicator
[1A[2K[61/77] [chromium] › tests/e2e/edge-cases.spec.js:213:5 › Edge Cases & Hostile User Scenarios › The "Spotty Connection" Test (Network Resilience) › retries failed updates when connection is restored
[1A[2K  19) [chromium] › tests/e2e/edge-cases.spec.js:475:5 › Edge Cases & Hostile User Scenarios › The "Zombie Session" Test (Reconnection & Session Lifecycle) › controller handles reconnection after display disappears 

    Error: [2mexpect([22m[31mreceived[39m[2m).[22mtoBe[2m([22m[32mexpected[39m[2m) // Object.is equality[22m

    Expected: [32m200[39m
    Received: [31m404[39m

      499 |       // by manually deleting it via API
      500 |       const deleteResponse = await controllerPage.request.delete(`/api/displays/${displayId}`);
    > 501 |       expect(deleteResponse.status()).toBe(200);
          |                                       ^
      502 |
      503 |       // Wait a moment
      504 |       await controllerPage.waitForTimeout(1000);
        at /home/user/horseboard/tests/e2e/edge-cases.spec.js:501:39


[1A[2K[62/77] [chromium] › tests/e2e/edge-cases.spec.js:278:5 › Edge Cases & Hostile User Scenarios › The "Double Up" Test (Concurrency) › handles simultaneous edits with last-write-wins semantics
[1A[2K[63/77] [chromium] › tests/e2e/edge-cases.spec.js:442:5 › Edge Cases & Hostile User Scenarios › The "Zombie Session" Test (Reconnection & Session Lifecycle) › display gracefully handles missing display ID
[1A[2K  20) [chromium] › tests/e2e/edge-cases.spec.js:213:5 › Edge Cases & Hostile User Scenarios › The "Spotty Connection" Test (Network Resilience) › retries failed updates when connection is restored 

    Error: locator.waitFor: Unexpected token "/" while parsing css selector ".grid-cell.feed-name:has-text(/Initial/)". Did you mean to CSS.escape it?
    Call log:
    [2m  - waiting for .grid-cell.feed-name:has-text(/Initial/) to be visible[22m


      243 |       });
      244 |
    > 245 |       await displayPage.locator('.grid-cell.feed-name:has-text(/Initial/)').waitFor({ timeout: 5000 });
          |                                                                             ^
      246 |
      247 |       // Go offline
      248 |       await context.setOffline(true);
        at /home/user/horseboard/tests/e2e/edge-cases.spec.js:245:77


[1A[2K  21) [chromium] › tests/e2e/edge-cases.spec.js:5:5 › Edge Cases & Hostile User Scenarios › The "Fat Finger" Test (Input Resilience) › handles extremely long decimal values without layout break 

    TimeoutError: page.waitForSelector: Timeout 5000ms exceeded.
    Call log:
    [2m  - waiting for locator('.grid-cell.value') to be visible[22m


      36 |
      37 |       // Wait for grid to render
    > 38 |       await displayPage.waitForSelector('.grid-cell.value', { timeout: 5000 });
         |                         ^
      39 |
      40 |       // Verify grid is still visible and not broken
      41 |       const feedGrid = displayPage.locator('#feed-grid');
        at /home/user/horseboard/tests/e2e/edge-cases.spec.js:38:25


[1A[2K  22) [chromium] › tests/e2e/edge-cases.spec.js:442:5 › Edge Cases & Hostile User Scenarios › The "Zombie Session" Test (Reconnection & Session Lifecycle) › display gracefully handles missing display ID 

    Error: [2mexpect([22m[31mreceived[39m[2m).[22mtoBe[2m([22m[32mexpected[39m[2m) // Object.is equality[22m

    Expected: [32m404[39m
    Received: [31m200[39m

      457 |
      458 |       // Should fail because display doesn't exist
    > 459 |       expect(response.status()).toBe(404);
          |                                 ^
      460 |
      461 |       // Refresh the page - should create a new display
      462 |       await displayPage.reload();
        at /home/user/horseboard/tests/e2e/edge-cases.spec.js:459:33


[1A[2K[64/77] [chromium] › tests/e2e/edge-cases.spec.js:518:5 › Edge Cases & Hostile User Scenarios › The "Zombie Session" Test (Reconnection & Session Lifecycle) › preserves session data across brief network interruptions
[1A[2K[65/77] [chromium] › tests/e2e/workflows.spec.js:5:5 › End-to-End Workflows › Complete Pairing Flow › TV creates display and shows pairing code
[1A[2K[66/77] [chromium] › tests/e2e/workflows.spec.js:131:5 › End-to-End Workflows › Editing on Controller, Viewing on Display › controller time mode change updates display
[1A[2K[67/77] [chromium] › tests/e2e/workflows.spec.js:192:5 › End-to-End Workflows › Editing on Controller, Viewing on Display › controller zoom level change affects display
[1A[2K[68/77] [chromium] › tests/e2e/workflows.spec.js:48:5 › End-to-End Workflows › Editing on Controller, Viewing on Display › controller change appears on display in real-time
[1A[2K[69/77] [chromium] › tests/e2e/workflows.spec.js:15:5 › End-to-End Workflows › Complete Pairing Flow › complete pairing: TV and Controller pair successfully
[1A[2K[70/77] [chromium] › tests/e2e/workflows.spec.js:263:5 › End-to-End Workflows › Multiple Edits & Data Consistency › multiple rapid edits are synced correctly
[1A[2K  23) [chromium] › tests/e2e/workflows.spec.js:131:5 › End-to-End Workflows › Editing on Controller, Viewing on Display › controller time mode change updates display 

    Error: locator.waitFor: Unexpected token "/" while parsing css selector "#time-mode:has-text(/./)". Did you mean to CSS.escape it?
    Call log:
    [2m  - waiting for #time-mode:has-text(/./) to be visible[22m


      171 |
      172 |       // Wait for initial time mode to render
    > 173 |       await tvPage.locator('#time-mode:has-text(/./)').waitFor({ timeout: 5000 });
          |                                                        ^
      174 |
      175 |       // Change to PM mode
      176 |       testData.settings.timeMode = 'PM';
        at /home/user/horseboard/tests/e2e/workflows.spec.js:173:56


[1A[2K[71/77] [chromium] › tests/e2e/workflows.spec.js:384:5 › End-to-End Workflows › Horse and Feed Management › adding horse via API shows on controller
[1A[2K  24) [chromium] › tests/e2e/workflows.spec.js:48:5 › End-to-End Workflows › Editing on Controller, Viewing on Display › controller change appears on display in real-time 

    Error: locator.waitFor: Unexpected token "/" while parsing css selector ".grid-cell.feed-name:has-text(/Initial Feed/)". Did you mean to CSS.escape it?
    Call log:
    [2m  - waiting for .grid-cell.feed-name:has-text(/Initial Feed/) to be visible[22m


       97 |
       98 |       // Wait for initial feed to appear on display
    >  99 |       await tvPage.locator('.grid-cell.feed-name:has-text(/Initial Feed/)').waitFor({ timeout: 5000 });
          |                                                                             ^
      100 |
      101 |       // Verify display shows initial feed
      102 |       let feedNameCells = await tvPage.locator('.grid-cell.feed-name').allTextContents();
        at /home/user/horseboard/tests/e2e/workflows.spec.js:99:77


[1A[2K[72/77] [chromium] › tests/e2e/workflows.spec.js:507:5 › End-to-End Workflows › Notes & Expiry › horse notes display on TV
[1A[2K[73/77] [chromium] › tests/e2e/workflows.spec.js:553:5 › End-to-End Workflows › Notes & Expiry › note can be cleared
[1A[2K[74/77] [chromium] › tests/e2e/workflows.spec.js:610:5 › End-to-End Workflows › Error Recovery › invalid pairing code shows error
[1A[2K[75/77] [chromium] › tests/e2e/workflows.spec.js:628:5 › End-to-End Workflows › Error Recovery › reconnecting after display deletion
[1A[2K[76/77] [chromium] › tests/e2e/workflows.spec.js:321:5 › End-to-End Workflows › Multiple Edits & Data Consistency › server maintains data consistency across updates
[1A[2K[77/77] [chromium] › tests/e2e/workflows.spec.js:447:5 › End-to-End Workflows › Horse and Feed Management › deleting feed removes it from diet
[1A[2K  25) [chromium] › tests/e2e/workflows.spec.js:321:5 › End-to-End Workflows › Multiple Edits & Data Consistency › server maintains data consistency across updates 

    Error: [2mexpect([22m[31mreceived[39m[2m).[22mtoBeTruthy[2m()[22m

    Received: [31mfalse[39m

      354 |         data: { tableData: initialData }
      355 |       });
    > 356 |       expect(response.ok()).toBeTruthy();
          |                             ^
      357 |
      358 |       // Fetch and verify all data persisted
      359 |       let getResponse = await tvPage.request.get(`/api/displays/${displayId}`);
        at /home/user/horseboard/tests/e2e/workflows.spec.js:356:29


[1A[2K  26) [chromium] › tests/e2e/controller.spec.js:538:5 › Controller App › Modals & Editor Interactions › allows changing timezone 

    [31mTest timeout of 30000ms exceeded.[39m

    Error: locator.click: Test timeout of 30000ms exceeded.
    Call log:
    [2m  - waiting for locator('#settings-close-btn')[22m
    [2m    - locator resolved to <button id="settings-close-btn" class="btn btn-primary">Done</button>[22m
    [2m  - attempting click action[22m
    [2m    2 × waiting for element to be visible, enabled and stable[22m
    [2m      - element is not visible[22m
    [2m    - retrying click action[22m
    [2m    - waiting 20ms[22m
    [2m    2 × waiting for element to be visible, enabled and stable[22m
    [2m      - element is not visible[22m
    [2m    - retrying click action[22m
    [2m      - waiting 100ms[22m
    [2m    56 × waiting for element to be visible, enabled and stable[22m
    [2m       - element is not visible[22m
    [2m     - retrying click action[22m
    [2m       - waiting 500ms[22m


      547 |
      548 |       const settingsCloseBtn = page.locator('#settings-close-btn');
    > 549 |       await settingsCloseBtn.click();
          |                              ^
      550 |
      551 |       // Modal should be hidden
      552 |       const settingsModal = page.locator('#settings-modal');
        at /home/user/horseboard/tests/e2e/controller.spec.js:549:30

    Error Context: test-results/controller-Controller-App--e6ba9-ns-allows-changing-timezone-chromium/error-context.md


[1A[2K  27) [chromium] › tests/e2e/edge-cases.spec.js:370:5 › Edge Cases & Hostile User Scenarios › The "Double Up" Test (Concurrency) › broadcasts updates to all connected controllers 

    [31mTest timeout of 30000ms exceeded.[39m

    Error: locator.fill: Test timeout of 30000ms exceeded.
    Call log:
    [2m  - waiting for locator('.code-digit[data-index="0"]')[22m
    [2m    - locator resolved to <input type="text" maxlength="1" data-index="0" pattern="[0-9]" class="code-digit" autocomplete="off" inputmode="numeric"/>[22m
    [2m    - fill("6")[22m
    [2m  - attempting fill action[22m
    [2m    2 × waiting for element to be visible, enabled and editable[22m
    [2m      - element is not visible[22m
    [2m    - retrying fill action[22m
    [2m    - waiting 20ms[22m
    [2m    2 × waiting for element to be visible, enabled and editable[22m
    [2m      - element is not visible[22m
    [2m    - retrying fill action[22m
    [2m      - waiting 100ms[22m
    [2m    58 × waiting for element to be visible, enabled and editable[22m
    [2m       - element is not visible[22m
    [2m     - retrying fill action[22m
    [2m       - waiting 500ms[22m


      395 |
      396 |       for (let i = 0; i < 6; i++) {
    > 397 |         await controller2Page.locator(`.code-digit[data-index="${i}"]`).fill(codeDigits[i]);
          |                                                                         ^
      398 |       }
      399 |
      400 |       await controller2Page.locator('#connect-btn').click();
        at /home/user/horseboard/tests/e2e/edge-cases.spec.js:397:73


[1A[2K  28) [chromium] › tests/e2e/edge-cases.spec.js:278:5 › Edge Cases & Hostile User Scenarios › The "Double Up" Test (Concurrency) › handles simultaneous edits with last-write-wins semantics 

    [31mTest timeout of 30000ms exceeded.[39m

    Error: locator.fill: Test timeout of 30000ms exceeded.
    Call log:
    [2m  - waiting for locator('.code-digit[data-index="0"]')[22m
    [2m    - locator resolved to <input type="text" maxlength="1" data-index="0" pattern="[0-9]" class="code-digit" autocomplete="off" inputmode="numeric"/>[22m
    [2m    - fill("6")[22m
    [2m  - attempting fill action[22m
    [2m    2 × waiting for element to be visible, enabled and editable[22m
    [2m      - element is not visible[22m
    [2m    - retrying fill action[22m
    [2m    - waiting 20ms[22m
    [2m    2 × waiting for element to be visible, enabled and editable[22m
    [2m      - element is not visible[22m
    [2m    - retrying fill action[22m
    [2m      - waiting 100ms[22m
    [2m    57 × waiting for element to be visible, enabled and editable[22m
    [2m       - element is not visible[22m
    [2m     - retrying fill action[22m
    [2m       - waiting 500ms[22m


      305 |
      306 |       for (let i = 0; i < 6; i++) {
    > 307 |         await controller2Page.locator(`.code-digit[data-index="${i}"]`).fill(codeDigits[i]);
          |                                                                         ^
      308 |       }
      309 |
      310 |       await controller2Page.locator('#connect-btn').click();
        at /home/user/horseboard/tests/e2e/edge-cases.spec.js:307:73


[1A[2K  28 failed
    [chromium] › tests/e2e/a11y.spec.js:18:5 › Accessibility Audit (A11y) › Display App - Visual & Semantic Accessibility › pairing screen has semantic headings and visible text 
    [chromium] › tests/e2e/a11y.spec.js:93:5 › Accessibility Audit (A11y) › Display App - Visual & Semantic Accessibility › time mode indicator is visible and readable 
    [chromium] › tests/e2e/a11y.spec.js:301:5 › Accessibility Audit (A11y) › Controller App - Mobile Accessibility › controller is responsive and usable on small screens 
    [chromium] › tests/e2e/a11y.spec.js:327:5 › Accessibility Audit (A11y) › Controller App - Mobile Accessibility › form inputs have visible labels or placeholder text 
    [chromium] › tests/e2e/a11y.spec.js:346:5 › Accessibility Audit (A11y) › Legibility in Stable Environment (Dusty/Bright Conditions) › display text meets WCAG contrast requirements 
    [chromium] › tests/e2e/a11y.spec.js:399:5 › Accessibility Audit (A11y) › Legibility in Stable Environment (Dusty/Bright Conditions) › header cells use distinct styling for clarity 
    [chromium] › tests/e2e/a11y.spec.js:477:5 › Accessibility Audit (A11y) › Usability & Utility Considerations › critical controls are always accessible and not hidden by default 
    [chromium] › tests/e2e/a11y.spec.js:564:5 › Accessibility Audit (A11y) › Usability & Utility Considerations › pagination controls are visible when needed 
    [chromium] › tests/e2e/controller.spec.js:131:5 › Controller App › Editor Screen Navigation › shows tab navigation 
    [chromium] › tests/e2e/controller.spec.js:538:5 › Controller App › Modals & Editor Interactions › allows changing timezone 
    [chromium] › tests/e2e/display.spec.js:44:5 › TV Display App › Display Data Structure › initially shows empty state 
    [chromium] › tests/e2e/display.spec.js:61:5 › TV Display App › Display Data Structure › accepts valid domain data structure 
    [chromium] › tests/e2e/display.spec.js:159:5 › TV Display App › Feed Grid Rendering › displays fractions correctly 
    [chromium] › tests/e2e/display.spec.js:208:5 › TV Display App › Time Mode Display › shows current time mode 
    [chromium] › tests/e2e/display.spec.js:246:5 › TV Display App › Time Mode Display › updates when time mode changes 
    [chromium] › tests/e2e/display.spec.js:293:5 › TV Display App › Real-time Updates › receives and displays updates via SSE 
    [chromium] › tests/e2e/display.spec.js:345:5 › TV Display App › Real-time Updates › handles multiple rapid updates 
    [chromium] › tests/e2e/display.spec.js:443:5 › TV Display App › Horse Notes › displays horse notes in footer 
    [chromium] › tests/e2e/edge-cases.spec.js:5:5 › Edge Cases & Hostile User Scenarios › The "Fat Finger" Test (Input Resilience) › handles extremely long decimal values without layout break 
    [chromium] › tests/e2e/edge-cases.spec.js:96:5 › Edge Cases & Hostile User Scenarios › The "Fat Finger" Test (Input Resilience) › handles extremely long feed names without overflow 
    [chromium] › tests/e2e/edge-cases.spec.js:213:5 › Edge Cases & Hostile User Scenarios › The "Spotty Connection" Test (Network Resilience) › retries failed updates when connection is restored 
    [chromium] › tests/e2e/edge-cases.spec.js:278:5 › Edge Cases & Hostile User Scenarios › The "Double Up" Test (Concurrency) › handles simultaneous edits with last-write-wins semantics 
    [chromium] › tests/e2e/edge-cases.spec.js:370:5 › Edge Cases & Hostile User Scenarios › The "Double Up" Test (Concurrency) › broadcasts updates to all connected controllers 
    [chromium] › tests/e2e/edge-cases.spec.js:442:5 › Edge Cases & Hostile User Scenarios › The "Zombie Session" Test (Reconnection & Session Lifecycle) › display gracefully handles missing display ID 
    [chromium] › tests/e2e/edge-cases.spec.js:475:5 › Edge Cases & Hostile User Scenarios › The "Zombie Session" Test (Reconnection & Session Lifecycle) › controller handles reconnection after display disappears 
    [chromium] › tests/e2e/workflows.spec.js:48:5 › End-to-End Workflows › Editing on Controller, Viewing on Display › controller change appears on display in real-time 
    [chromium] › tests/e2e/workflows.spec.js:131:5 › End-to-End Workflows › Editing on Controller, Viewing on Display › controller time mode change updates display 
    [chromium] › tests/e2e/workflows.spec.js:321:5 › End-to-End Workflows › Multiple Edits & Data Consistency › server maintains data consistency across updates 
  49 passed (49.6s)
